node.exe : npm error Missing script: "build"
위치 C:\Program Files\nodejs\npm.ps1:16 문자:5
+     & "$basedir/node$exe"  "$basedir/node_modules/npm/bin/npm-cli.js" ...
+     ~~~~~~~~~~~~~~~~~~~~~~~~~~~~~~~~~~~~~~~~~~~~~~~~~~~~~~~~~~~~~~~~~
    + CategoryInfo          : NotSpecified: (npm error Missing script: "build" 
   :String) [], RemoteException
    + FullyQualifiedErrorId : NativeCommandError
 
npm error
npm error To see a list of scripts, run:
npm error   npm run
npm error A complete log of this run can be found in: C:\Users\socra\AppData\Lo
cal\npm-cache\_logs\2026-05-19T04_30_53_487Z-debug-0.log
